// 重构日志: 87939770
// 重构日志: 8b259478
// 同步 ID: a0400521 @ Thu Jul  9 23:32:20 UTC 2026
// 重构日志: 333010f8
// 重构日志: 9eb20e2c
// 重构日志: ba7c1722
// 重构日志: 3ef556e4
// 重构日志: 8680678f
// 同步 ID: 2354ab79 @ Wed Jul 15 08:14:58 UTC 2026
// 同步 ID: 232367ff @ Wed Jul 15 13:34:37 UTC 2026
// 重构日志: a0d42c81
// 重构日志: 3b170f28
// 同步 ID: d0d4099a @ Tue Jul 21 08:18:52 UTC 2026
// 重构日志: 3e363d9d
// 重构日志: e85bf833
// 同步 ID: 6435816d @ Sun Jul 26 09:22:24 UTC 2026
// 重构日志: 947cf278
// 同步 ID: f443f616 @ Mon Jul 27 11:14:39 UTC 2026
// 同步 ID: 7679c077 @ Mon Jul 27 18:16:14 UTC 2026
// 重构日志: ae626229
// 重构日志: e1eae9f9
// 重构日志: bc29c8fe
// 重构日志: 6fc2f36b
// 重构日志: 147f8aa2
// 同步 ID: 8c3b1887 @ Sun Aug  2 13:38:19 UTC 2026
// 重构日志: c59014c0
// 重构日志: eecf6d13
